C:\Users\u248361\AppData\Local\Programs\Python\Python313\Lib\site-packages\pytest_asyncio\plugin.py:247: PytestDeprecationWarning: The configuration option "asyncio_default_fixture_loop_scope" is unset.
The event loop scope for asynchronous fixtures will default to the fixture caching scope. Future versions of pytest-asyncio will default the loop scope for asynchronous fixtures to function scope. Set the default fixture loop scope explicitly in order to avoid unexpected behavior in the future. Valid fixture loop scopes are: "function", "class", "module", "package", "session"

  warnings.warn(PytestDeprecationWarning(_DEFAULT_FIXTURE_LOOP_SCOPE_UNSET))
============================= test session starts =============================
platform win32 -- Python 3.13.1, pytest-8.3.5, pluggy-1.5.0 -- C:\Users\u248361\AppData\Local\Programs\Python\Python313\python.exe
cachedir: .pytest_cache
PyQt6 6.10.0 -- Qt runtime 6.10.0 -- Qt compiled 6.10.0
rootdir: D:\Scripts\monorepo\apps\sleep-scoring-demo
configfile: pytest.ini
plugins: anyio-4.11.0, dash-3.0.4, asyncio-1.3.0, cov-6.2.1, mock-3.14.1, qt-4.4.0, returns-0.23.0, typeguard-4.4.4
asyncio: mode=Mode.STRICT, debug=False, asyncio_default_fixture_loop_scope=None, asyncio_default_test_loop_scope=function
collecting ... collected 30 items

tests/integration/test_gt3x_loading.py::TestGT3XFactoryIntegration::test_factory_creates_gt3x_loader_by_id PASSED [  3%]
tests/integration/test_gt3x_loading.py::TestGT3XFactoryIntegration::test_factory_detects_gt3x_extension PASSED [  6%]
tests/integration/test_gt3x_loading.py::TestGT3XFactoryIntegration::test_factory_detects_gt3x_from_file_path PASSED [ 10%]
tests/integration/test_gt3x_loading.py::TestGT3XFactoryIntegration::test_gt3x_in_supported_extensions PASSED [ 13%]
tests/integration/test_gt3x_loading.py::TestGT3XRealFileLoading::test_load_real_file_epochs FAILED [ 16%]
tests/integration/test_gt3x_loading.py::TestGT3XRealFileLoading::test_load_real_file_has_correct_columns 